../Core/Src/main.c:87:10:read_hcsr04_1	16	static
../Core/Src/main.c:111:10:read_hcsr04_2	16	static
../Core/Src/main.c:135:10:read_hcsr04_3	16	static
../Core/Src/main.c:161:6:ADC_Read_1	8	static
../Core/Src/main.c:180:6:ADC_Read_2	8	static
../Core/Src/main.c:201:10:map	24	static
../Core/Src/main.c:208:6:Motor_Init	8	static
../Core/Src/main.c:218:6:Stop_Motor	8	static
../Core/Src/main.c:230:6:Backward_Motor_1	8	static
../Core/Src/main.c:240:6:Forward_Motor_1	8	static
../Core/Src/main.c:249:6:Backward_Motor_2	8	static
../Core/Src/main.c:258:6:Forward_Motor_2	8	static
../Core/Src/main.c:267:6:Backward_Motor_Both	8	static
../Core/Src/main.c:277:6:Forward_Motor_Both	8	static
../Core/Src/main.c:293:5:main	16	static
../Core/Src/main.c:732:6:SystemClock_Config	88	static
../Core/Src/main.c:778:13:MX_ADC1_Init	24	static
../Core/Src/main.c:830:13:MX_ADC2_Init	24	static
../Core/Src/main.c:882:13:MX_TIM1_Init	80	static
../Core/Src/main.c:947:13:MX_GPIO_Init	48	static
../Core/Src/main.c:1010:6:Error_Handler	4	static,ignoring_inline_asm
